// Jest Snapshot v1, https://goo.gl/fbAQLP

exports[`header components renders renders correctly 1`] = `
<header
  className="search-not-visible"
  data-testid="header"
  id="header"
>
  <div
    className="navbar-container"
  >
    <nav
      className="navbar"
    >
      <div
        className="left-nav"
      >
        <div
          className="hamburger"
          data-testid="hamburger"
          onClick={[Function]}
        >
          <div
            className="hidden"
          >
            <i
              className="bi bi-x-diamond-fill"
            />
            <p>
              close menu
            </p>
          </div>
          <div
            className="visible"
          >
            <i
              className="bi bi-list"
            />
            <p>
              menu
            </p>
          </div>
        </div>
        <a
          href="/"
          onClick={[Function]}
        >
          <img
            alt="e-shop-logo"
            src="e-shop-logo.png"
          />
          <p>
            e-shop
          </p>
        </a>
      </div>
      <div
        className="middle-nav"
      >
        <div>
          <a
            aria-current="page"
            className="active"
            href="/"
            onClick={[Function]}
          >
            Home
          </a>
        </div>
        <div>
          <a
            className=""
            href="/products"
            onClick={[Function]}
          >
            Products
          </a>
        </div>
      </div>
      <div
        className="right-nav"
      >
        <i
          className="bi bi-gear-wide-connected"
        />
        <i
          className="bi bi-search"
          data-testid="search-icon"
          onClick={[Function]}
        />
        <i
          className="bi bi-cart-fill"
        >
          <div
            className="cart-items"
          >
            0
          </div>
        </i>
        <i
          className="bi bi-person-circle"
        />
      </div>
    </nav>
  </div>
  <div
    className="menu notVisible"
    data-testid="menu"
  >
    <nav>
      <a
        aria-current="page"
        className="active"
        href="/"
        onClick={[Function]}
      >
        Home
      </a>
      <a
        className=""
        href="/cart"
        onClick={[Function]}
      >
        Cart
      </a>
      <a
        className=""
        href="/products"
        onClick={[Function]}
      >
        Products
      </a>
      <i
        className="bi bi-search"
        data-testid="search-icon2"
        onClick={[Function]}
      />
    </nav>
  </div>
</header>
`;
