// Jest Snapshot v1, https://goo.gl/fbAQLP

exports[`ProductCard components renders renders correctly 1`] = `
<div
  className="product-card"
>
  <div
    className="best-seller not-visible"
  >
    best seller
  </div>
  <div
    className="img-container"
  >
    <img
      alt="headphones"
      src="/assets/headphones.jpg"
    />
  </div>
  <div
    className="bottom"
  >
    <h1>
      headphones
    </h1>
    <p>
      this is headphones
    </p>
    <div
      className="rating"
    >
      <i
        className="bi bi-star-fill"
      />
      <i
        className="bi bi-star-fill"
      />
      <i
        className="bi bi-star-fill"
      />
      <i
        className="bi bi-star-fill"
      />
      <i
        className="bi bi-star-fill"
      />
    </div>
    <div
      className="price-row"
    >
      <span>
        $
        99
      </span>
      <div
        className="add-container"
      >
        <div
          className="addCount"
        >
          <button
            className="count-control"
            onClick={[Function]}
          >
            +
          </button>
          <input
            className="addInput"
            id=""
            min={1}
            onBlur={[Function]}
            onChange={[Function]}
            type="text"
            value={1}
          />
          <button
            className="count-control"
            onClick={[Function]}
          >
            -
          </button>
        </div>
        <button
          className="secondary-button"
          id=""
          onClick={[Function]}
        >
          <span>
            Add to cart
          </span>
          <i
            className="bi bi-plus"
          />
        </button>
      </div>
    </div>
  </div>
</div>
`;
