// Jest Snapshot v1, https://goo.gl/fbAQLP

exports[`ProductCard components renders renders correctly 1`] = `
<div
  className="product-card"
>
  <div
    className="best-seller not-visible"
  >
    best seller
  </div>
  <img
    alt="headphones"
    src="/assets/headphones.jpg"
  />
  <div
    className="bottom"
  >
    <h1>
      headphones
    </h1>
    <p>
      this is headphones
    </p>
    <div
      className="rating"
    >
      <i
        className="bi bi-star-fill"
      />
      <i
        className="bi bi-star-fill"
      />
      <i
        className="bi bi-star-fill"
      />
      <i
        className="bi bi-star-fill"
      />
      <i
        className="bi bi-star-fill"
      />
    </div>
    <div
      className="price-row"
    >
      <span>
        $
        99
      </span>
      <button>
        <span>
          Add to cart
        </span>
        <i
          className="bi bi-plus"
        />
      </button>
    </div>
  </div>
</div>
`;
