// Jest Snapshot v1, https://goo.gl/fbAQLP

exports[`test description renders correctly 1`] = `
<section
  className="search"
>
  <div
    className="search-bar"
    data-testid="search-bar"
  >
    <i
      className="bi bi-search"
    />
    <input
      className="input-bar"
      placeholder="Search"
      type="text"
    />
    <button
      className="secondary-button"
    >
      <i
        className="bi bi-search"
      />
    </button>
  </div>
</section>
`;
