// Jest Snapshot v1, https://goo.gl/fbAQLP

exports[`test description renders correctly 1`] = `
<section
  className="search"
>
  <div
    className="search-bar"
    data-testid="search-bar"
  >
    <i
      className="bi bi-search"
    />
    <input
      className="input-bar"
      name="search"
      onChange={[Function]}
      placeholder="Search"
      type="text"
      value=""
    />
    <button
      className="secondary-button"
      onClick={[Function]}
    >
      <i
        className="bi bi-search"
        onClick={[Function]}
      />
    </button>
  </div>
</section>
`;
